     1 00000000                                 [FORMAT "WCOFF"]
     2 00000000                                 [INSTRSET "i486p"]
     3 00000000                                 [OPTIMIZE 1]
     4 00000000                                 [OPTION 1]
     5 00000000                                 [BITS 32]
     6 00000000                                 	EXTERN	_memman_alloc_4k
     7 00000000                                 	EXTERN	_tek_getsize
     8 00000000                                 	EXTERN	_tek_decomp
     9 00000000                                 	EXTERN	_memman_free_4k
    10 00000000                                 [FILE "file.c"]
    11                                          [SECTION .text]
    12 00000000                                 	GLOBAL	_file_readfat
    13 00000000                                 _file_readfat:
    14 00000000 55                              	PUSH	EBP
    15 00000001 31 C9                           	XOR	ECX,ECX
    16 00000003 89 E5                           	MOV	EBP,ESP
    17 00000005 57                              	PUSH	EDI
    18 00000006 56                              	PUSH	ESI
    19 00000007 53                              	PUSH	EBX
    20 00000008 8B 7D 08                        	MOV	EDI,DWORD [8+EBP]
    21 0000000B 8B 75 0C                        	MOV	ESI,DWORD [12+EBP]
    22 0000000E 31 DB                           	XOR	EBX,EBX
    23 00000010                                 L6:
    24 00000010 0F B6 44 31 01                  	MOVZX	EAX,BYTE [1+ECX+ESI*1]
    25 00000015 0F B6 14 31                     	MOVZX	EDX,BYTE [ECX+ESI*1]
    26 00000019 C1 E0 08                        	SAL	EAX,8
    27 0000001C 09 C2                           	OR	EDX,EAX
    28 0000001E 81 E2 00000FFF                  	AND	EDX,4095
    29 00000024 89 14 9F                        	MOV	DWORD [EDI+EBX*4],EDX
    30 00000027 8A 44 31 01                     	MOV	AL,BYTE [1+ECX+ESI*1]
    31 0000002B 0F B6 54 31 02                  	MOVZX	EDX,BYTE [2+ECX+ESI*1]
    32 00000030 C0 E8 04                        	SHR	AL,4
    33 00000033 83 C1 03                        	ADD	ECX,3
    34 00000036 C1 E2 04                        	SAL	EDX,4
    35 00000039 0F B6 C0                        	MOVZX	EAX,AL
    36 0000003C 09 D0                           	OR	EAX,EDX
    37 0000003E 89 44 9F 04                     	MOV	DWORD [4+EDI+EBX*4],EAX
    38 00000042 83 C3 02                        	ADD	EBX,2
    39 00000045 81 FB 00000B3F                  	CMP	EBX,2879
    40 0000004B 7E C3                           	JLE	L6
    41 0000004D 5B                              	POP	EBX
    42 0000004E 5E                              	POP	ESI
    43 0000004F 5F                              	POP	EDI
    44 00000050 5D                              	POP	EBP
    45 00000051 C3                              	RET
    46 00000052                                 	GLOBAL	_file_loadfile
    47 00000052                                 _file_loadfile:
    48 00000052 55                              	PUSH	EBP
    49 00000053 89 E5                           	MOV	EBP,ESP
    50 00000055 57                              	PUSH	EDI
    51 00000056 56                              	PUSH	ESI
    52 00000057 53                              	PUSH	EBX
    53 00000058 8B 4D 0C                        	MOV	ECX,DWORD [12+EBP]
    54 0000005B 8B 75 08                        	MOV	ESI,DWORD [8+EBP]
    55 0000005E 8B 5D 10                        	MOV	EBX,DWORD [16+EBP]
    56 00000061                                 L10:
    57 00000061 81 F9 00000200                  	CMP	ECX,512
    58 00000067 7E 2F                           	JLE	L27
    59 00000069 31 D2                           	XOR	EDX,EDX
    60 0000006B                                 L23:
    61 0000006B 89 F0                           	MOV	EAX,ESI
    62 0000006D 8B 7D 18                        	MOV	EDI,DWORD [24+EBP]
    63 00000070 C1 E0 09                        	SAL	EAX,9
    64 00000073 01 D0                           	ADD	EAX,EDX
    65 00000075 8A 04 38                        	MOV	AL,BYTE [EAX+EDI*1]
    66 00000078 88 04 1A                        	MOV	BYTE [EDX+EBX*1],AL
    67 0000007B 42                              	INC	EDX
    68 0000007C 81 FA 000001FF                  	CMP	EDX,511
    69 00000082 7E E7                           	JLE	L23
    70 00000084 8B 45 14                        	MOV	EAX,DWORD [20+EBP]
    71 00000087 81 E9 00000200                  	SUB	ECX,512
    72 0000008D 81 C3 00000200                  	ADD	EBX,512
    73 00000093 8B 34 B0                        	MOV	ESI,DWORD [EAX+ESI*4]
    74 00000096 EB C9                           	JMP	L10
    75 00000098                                 L27:
    76 00000098 31 D2                           	XOR	EDX,EDX
    77 0000009A 39 CA                           	CMP	EDX,ECX
    78 0000009C 7D 15                           	JGE	L9
    79 0000009E                                 L18:
    80 0000009E 89 F0                           	MOV	EAX,ESI
    81 000000A0 8B 7D 18                        	MOV	EDI,DWORD [24+EBP]
    82 000000A3 C1 E0 09                        	SAL	EAX,9
    83 000000A6 01 D0                           	ADD	EAX,EDX
    84 000000A8 8A 04 38                        	MOV	AL,BYTE [EAX+EDI*1]
    85 000000AB 88 04 1A                        	MOV	BYTE [EDX+EBX*1],AL
    86 000000AE 42                              	INC	EDX
    87 000000AF 39 CA                           	CMP	EDX,ECX
    88 000000B1 7C EB                           	JL	L18
    89 000000B3                                 L9:
    90 000000B3 5B                              	POP	EBX
    91 000000B4 5E                              	POP	ESI
    92 000000B5 5F                              	POP	EDI
    93 000000B6 5D                              	POP	EBP
    94 000000B7 C3                              	RET
    95 000000B8                                 	GLOBAL	_file_search
    96 000000B8                                 _file_search:
    97 000000B8 55                              	PUSH	EBP
    98 000000B9 31 C9                           	XOR	ECX,ECX
    99 000000BB 89 E5                           	MOV	EBP,ESP
   100 000000BD 57                              	PUSH	EDI
   101 000000BE 56                              	PUSH	ESI
   102 000000BF 53                              	PUSH	EBX
   103 000000C0 83 EC 14                        	SUB	ESP,20
   104 000000C3 8B 5D 08                        	MOV	EBX,DWORD [8+EBP]
   105 000000C6                                 L33:
   106 000000C6 C6 44 0D E4 20                  	MOV	BYTE [-28+EBP+ECX*1],32
   107 000000CB 41                              	INC	ECX
   108 000000CC 83 F9 0A                        	CMP	ECX,10
   109 000000CF 7E F5                           	JLE	L33
   110 000000D1 31 C9                           	XOR	ECX,ECX
   111 000000D3 31 FF                           	XOR	EDI,EDI
   112 000000D5 80 3B 00                        	CMP	BYTE [EBX],0
   113 000000D8 74 29                           	JE	L61
   114 000000DA                                 L42:
   115 000000DA 31 C0                           	XOR	EAX,EAX
   116 000000DC 83 F9 0A                        	CMP	ECX,10
   117 000000DF 7F 58                           	JG	L28
   118 000000E1 8A 14 1F                        	MOV	DL,BYTE [EDI+EBX*1]
   119 000000E4 80 FA 2E                        	CMP	DL,46
   120 000000E7 74 77                           	JE	L65
   121 000000E9                                 L39:
   122 000000E9 8D 42 9F                        	LEA	EAX,DWORD [-97+EDX]
   123 000000EC 88 54 0D E4                     	MOV	BYTE [-28+EBP+ECX*1],DL
   124 000000F0 3C 19                           	CMP	AL,25
   125 000000F2 77 07                           	JA	L41
   126 000000F4 8D 42 E0                        	LEA	EAX,DWORD [-32+EDX]
   127 000000F7 88 44 0D E4                     	MOV	BYTE [-28+EBP+ECX*1],AL
   128 000000FB                                 L41:
   129 000000FB 41                              	INC	ECX
   130 000000FC                                 L36:
   131 000000FC 47                              	INC	EDI
   132 000000FD 80 3C 1F 00                     	CMP	BYTE [EDI+EBX*1],0
   133 00000101 75 D7                           	JNE	L42
   134 00000103                                 L61:
   135 00000103 31 FF                           	XOR	EDI,EDI
   136 00000105 3B 7D 10                        	CMP	EDI,DWORD [16+EBP]
   137 00000108 7D 2D                           	JGE	L44
   138 0000010A 8B 75 0C                        	MOV	ESI,DWORD [12+EBP]
   139 0000010D C7 45 E0 00000000               	MOV	DWORD [-32+EBP],0
   140 00000114                                 L57:
   141 00000114 8B 45 0C                        	MOV	EAX,DWORD [12+EBP]
   142 00000117 80 38 00                        	CMP	BYTE [EAX],0
   143 0000011A 74 1B                           	JE	L44
   144 0000011C 8A 46 0B                        	MOV	AL,BYTE [11+ESI]
   145 0000011F A9 00000018                     	TEST	EAX,24
   146 00000124 74 1B                           	JE	L49
   147 00000126 3C 10                           	CMP	AL,16
   148 00000128 74 17                           	JE	L49
   149 0000012A                                 L55:
   150 0000012A 47                              	INC	EDI
   151 0000012B 83 C6 20                        	ADD	ESI,32
   152 0000012E 83 45 E0 20                     	ADD	DWORD [-32+EBP],32
   153 00000132 3B 7D 10                        	CMP	EDI,DWORD [16+EBP]
   154 00000135 7C DD                           	JL	L57
   155 00000137                                 L44:
   156 00000137 31 C0                           	XOR	EAX,EAX
   157 00000139                                 L28:
   158 00000139 83 C4 14                        	ADD	ESP,20
   159 0000013C 5B                              	POP	EBX
   160 0000013D 5E                              	POP	ESI
   161 0000013E 5F                              	POP	EDI
   162 0000013F 5D                              	POP	EBP
   163 00000140 C3                              	RET
   164 00000141                                 L49:
   165 00000141 8B 5D 0C                        	MOV	EBX,DWORD [12+EBP]
   166 00000144 31 C9                           	XOR	ECX,ECX
   167 00000146 03 5D E0                        	ADD	EBX,DWORD [-32+EBP]
   168 00000149                                 L56:
   169 00000149 0F B6 13                        	MOVZX	EDX,BYTE [EBX]
   170 0000014C 0F BE 44 0D E4                  	MOVSX	EAX,BYTE [-28+EBP+ECX*1]
   171 00000151 39 C2                           	CMP	EDX,EAX
   172 00000153 75 D5                           	JNE	L55
   173 00000155 41                              	INC	ECX
   174 00000156 43                              	INC	EBX
   175 00000157 89 F0                           	MOV	EAX,ESI
   176 00000159 83 F9 0A                        	CMP	ECX,10
   177 0000015C 7F DB                           	JG	L28
   178 0000015E EB E9                           	JMP	L56
   179 00000160                                 L65:
   180 00000160 83 F9 08                        	CMP	ECX,8
   181 00000163 7F 84                           	JG	L39
   182 00000165 8B 45 0C                        	MOV	EAX,DWORD [12+EBP]
   183 00000168 80 78 0B 10                     	CMP	BYTE [11+EAX],16
   184 0000016C 0F 84 FFFFFF77                  	JE	L39
   185 00000172 B9 00000008                     	MOV	ECX,8
   186 00000177 EB 83                           	JMP	L36
   187 00000179                                 	GLOBAL	_file_loadfile2
   188 00000179                                 _file_loadfile2:
   189 00000179 55                              	PUSH	EBP
   190 0000017A 89 E5                           	MOV	EBP,ESP
   191 0000017C 57                              	PUSH	EDI
   192 0000017D 56                              	PUSH	ESI
   193 0000017E 53                              	PUSH	EBX
   194 0000017F 52                              	PUSH	EDX
   195 00000180 8B 45 0C                        	MOV	EAX,DWORD [12+EBP]
   196 00000183 8B 00                           	MOV	EAX,DWORD [EAX]
   197 00000185 50                              	PUSH	EAX
   198 00000186 89 45 F0                        	MOV	DWORD [-16+EBP],EAX
   199 00000189 68 003C0000                     	PUSH	3932160
   200 0000018E E8 [00000000]                   	CALL	_memman_alloc_4k
   201 00000193 68 00103E00                     	PUSH	1064448
   202 00000198 FF 75 10                        	PUSH	DWORD [16+EBP]
   203 0000019B 50                              	PUSH	EAX
   204 0000019C 89 C7                           	MOV	EDI,EAX
   205 0000019E FF 75 F0                        	PUSH	DWORD [-16+EBP]
   206 000001A1 FF 75 08                        	PUSH	DWORD [8+EBP]
   207 000001A4 E8 FFFFFEA9                     	CALL	_file_loadfile
   208 000001A9 83 C4 1C                        	ADD	ESP,28
   209 000001AC 83 7D F0 10                     	CMP	DWORD [-16+EBP],16
   210 000001B0 7F 0A                           	JG	L69
   211 000001B2                                 L67:
   212 000001B2 8D 65 F4                        	LEA	ESP,DWORD [-12+EBP]
   213 000001B5 89 F8                           	MOV	EAX,EDI
   214 000001B7 5B                              	POP	EBX
   215 000001B8 5E                              	POP	ESI
   216 000001B9 5F                              	POP	EDI
   217 000001BA 5D                              	POP	EBP
   218 000001BB C3                              	RET
   219 000001BC                                 L69:
   220 000001BC 57                              	PUSH	EDI
   221 000001BD E8 [00000000]                   	CALL	_tek_getsize
   222 000001C2 89 C6                           	MOV	ESI,EAX
   223 000001C4 58                              	POP	EAX
   224 000001C5 85 F6                           	TEST	ESI,ESI
   225 000001C7 7E E9                           	JLE	L67
   226 000001C9 56                              	PUSH	ESI
   227 000001CA 68 003C0000                     	PUSH	3932160
   228 000001CF E8 [00000000]                   	CALL	_memman_alloc_4k
   229 000001D4 56                              	PUSH	ESI
   230 000001D5 89 C3                           	MOV	EBX,EAX
   231 000001D7 50                              	PUSH	EAX
   232 000001D8 57                              	PUSH	EDI
   233 000001D9 E8 [00000000]                   	CALL	_tek_decomp
   234 000001DE FF 75 F0                        	PUSH	DWORD [-16+EBP]
   235 000001E1 57                              	PUSH	EDI
   236 000001E2 89 DF                           	MOV	EDI,EBX
   237 000001E4 68 003C0000                     	PUSH	3932160
   238 000001E9 E8 [00000000]                   	CALL	_memman_free_4k
   239 000001EE 83 C4 20                        	ADD	ESP,32
   240 000001F1 8B 45 0C                        	MOV	EAX,DWORD [12+EBP]
   241 000001F4 89 30                           	MOV	DWORD [EAX],ESI
   242 000001F6 EB BA                           	JMP	L67
